main.c:88:6:delay_us	16	static
main.c:93:5:get_distance	40	static
main.c:122:6:display	232	static
main.c:163:5:main	200	static
main.c:312:6:SystemClock_Config	88	static
main.c:357:13:MX_I2C1_Init	8	static
main.c:391:13:MX_TIM1_Init	32	static
main.c:437:13:MX_TIM3_Init	32	static
main.c:482:13:MX_TIM4_Init	32	static
main.c:527:13:MX_USART1_UART_Init	8	static
main.c:560:13:MX_USART2_UART_Init	8	static
main.c:593:13:MX_GPIO_Init	48	static
main.c:639:6:HAL_TIM_PeriodElapsedCallback	16	static
main.c:647:6:calSensor	32	static
main.c:729:6:Error_Handler	4	static,ignoring_inline_asm
