main.c:85:6:delay_us	16	static
main.c:89:5:get_distance	40	static
main.c:124:5:main	184	static
main.c:236:6:SystemClock_Config	88	static
main.c:281:13:MX_I2C1_Init	8	static
main.c:315:13:MX_TIM1_Init	32	static
main.c:361:13:MX_TIM3_Init	32	static
main.c:406:13:MX_TIM4_Init	32	static
main.c:451:13:MX_USART1_UART_Init	8	static
main.c:484:13:MX_USART2_UART_Init	8	static
main.c:517:13:MX_GPIO_Init	48	static
main.c:562:6:HAL_TIM_PeriodElapsedCallback	16	static
main.c:569:6:calSensor	32	static
main.c:626:6:Error_Handler	4	static,ignoring_inline_asm
